../Core/Src/main.c:114:6:LidarInit	1
../Core/Src/main.c:137:13:I2C_ScanBus	2
../Core/Src/main.c:145:16:LidarIsAlive	1
../Core/Src/main.c:151:13:QueuePush	2
../Core/Src/main.c:159:23:QueuePeek	2
../Core/Src/main.c:165:13:QueuePop	2
../Core/Src/main.c:172:13:LidarRecoveryStep	8
../Core/Src/main.c:218:13:LidarUpdate	3
../Core/Src/main.c:227:13:RecoveryDispatcher	5
../Core/Src/main.c:255:13:LidarReportStatus	3
../Core/Src/main.c:274:5:main	10
../Core/Src/main.c:419:6:SystemClock_Config	3
../Core/Src/main.c:459:13:MX_I2C1_Init	2
../Core/Src/main.c:493:13:MX_GPIO_Init	1
../Core/Src/main.c:528:6:Error_Handler	1
