../Core/Src/main.c:114:6:LidarInit	24	static
../Core/Src/main.c:137:13:I2C_ScanBus	16	static
../Core/Src/main.c:145:16:LidarIsAlive	16	static
../Core/Src/main.c:151:13:QueuePush	16	static
../Core/Src/main.c:159:23:QueuePeek	4	static
../Core/Src/main.c:165:13:QueuePop	4	static
../Core/Src/main.c:172:13:LidarRecoveryStep	24	static
../Core/Src/main.c:218:13:LidarUpdate	16	static
../Core/Src/main.c:227:13:RecoveryDispatcher	16	static
../Core/Src/main.c:255:13:LidarReportStatus	16	static
../Core/Src/main.c:274:5:main	96	static
../Core/Src/main.c:419:6:SystemClock_Config	72	static
../Core/Src/main.c:459:13:MX_I2C1_Init	8	static
../Core/Src/main.c:493:13:MX_GPIO_Init	40	static
../Core/Src/main.c:528:6:Error_Handler	4	static,ignoring_inline_asm
