../Core/Src/main.c:103:6:LidarInit	24	static
../Core/Src/main.c:126:13:I2C_ScanBus	16	static
../Core/Src/main.c:134:16:LidarIsAlive	16	static
../Core/Src/main.c:140:13:LidarUpdate	24	static
../Core/Src/main.c:202:13:LidarReportStatus	16	static
../Core/Src/main.c:220:5:main	96	static
../Core/Src/main.c:364:6:SystemClock_Config	72	static
../Core/Src/main.c:404:13:MX_I2C1_Init	8	static
../Core/Src/main.c:438:13:MX_GPIO_Init	40	static
../Core/Src/main.c:473:6:Error_Handler	4	static,ignoring_inline_asm
